// Jest Snapshot v1, https://goo.gl/fbAQLP

exports[`ActionBar component render ActionBar snapshot 1`] = `ShallowWrapper {}`;
