// Jest Snapshot v1, https://goo.gl/fbAQLP

exports[`BackToHomeBtn component render BackToHomeBtn snapshot 1`] = `
<DocumentFragment>
  <button
    class="sc-AxjAm dRfPaF"
  >
    Go back to home
  </button>
</DocumentFragment>
`;
