// Jest Snapshot v1, https://goo.gl/fbAQLP

exports[`Logo component Render Logo snapshot 1`] = `
<DocumentFragment>
  <p
    class="sc-AxjAm ekgtgp"
  >
    <span>
      Netflix
    </span>
    roulette
  </p>
</DocumentFragment>
`;
