// Jest Snapshot v1, https://goo.gl/fbAQLP

exports[`MovieCard component render MovieCard snapshot 1`] = `ShallowWrapper {}`;
