// Jest Snapshot v1, https://goo.gl/fbAQLP

exports[`MovieDetails component Render MovieDetails snapshot 1`] = `
Object {
  "asFragment": [Function],
  "baseElement": <body>
    <div>
      <section
        class="sc-AxgMl dQJATG"
      >
        <div
          class="sc-AxheI bTKbqT"
        >
          <p
            class="sc-AxjAm ekgtgp"
          >
            <span>
              Netflix
            </span>
            roulette
          </p>
          <a
            href="/"
          >
            <div
              class="sc-AxirZ lcfolM"
            >
              <div
                class="sc-AxiKw kmATJV"
              >
                <div
                  class="sc-AxhCb hmzFFW"
                />
                <div
                  class="sc-AxhUy byZPKr"
                />
              </div>
            </div>
          </a>
        </div>
        <div
          class="sc-Axmtr gNrMTb"
        >
          <div
            class="sc-AxmLO dsHgUp"
          />
          <div
            class="sc-fzozJi ehFhqa"
          >
            <div
              class="sc-fzoLsD gqorDw"
            >
              <h2
                class="sc-fzpans dPicaR"
              >
                Avengers
              </h2>
              <p
                class="sc-fzplWN hgmNms"
              >
                4.8
              </p>
            </div>
            <p
              class="sc-fznyAO jYVJnT"
            >
              Action Cartoon
            </p>
            <div
              class="sc-fzoLsD gqorDw"
            >
              <p
                class="sc-fznKkj NtPJI"
              >
                2016
              </p>
              <p
                class="sc-fznZeY fLCPSI"
              >
                146
                 min
              </p>
            </div>
            <p
              class="sc-fzokOt cBzZUZ"
            >
              Lorem ipsum dolor sit amet, consectetur adipiscing elit. Aliquam accumsan commodo ligula, non gravida arcu imperdiet sed. Donec eu nibh id lectus molestie volutpat non vel sapien. Proin nec imperdiet lectus.
            </p>
          </div>
        </div>
      </section>
    </div>
  </body>,
  "container": <div>
    <section
      class="sc-AxgMl dQJATG"
    >
      <div
        class="sc-AxheI bTKbqT"
      >
        <p
          class="sc-AxjAm ekgtgp"
        >
          <span>
            Netflix
          </span>
          roulette
        </p>
        <a
          href="/"
        >
          <div
            class="sc-AxirZ lcfolM"
          >
            <div
              class="sc-AxiKw kmATJV"
            >
              <div
                class="sc-AxhCb hmzFFW"
              />
              <div
                class="sc-AxhUy byZPKr"
              />
            </div>
          </div>
        </a>
      </div>
      <div
        class="sc-Axmtr gNrMTb"
      >
        <div
          class="sc-AxmLO dsHgUp"
        />
        <div
          class="sc-fzozJi ehFhqa"
        >
          <div
            class="sc-fzoLsD gqorDw"
          >
            <h2
              class="sc-fzpans dPicaR"
            >
              Avengers
            </h2>
            <p
              class="sc-fzplWN hgmNms"
            >
              4.8
            </p>
          </div>
          <p
            class="sc-fznyAO jYVJnT"
          >
            Action Cartoon
          </p>
          <div
            class="sc-fzoLsD gqorDw"
          >
            <p
              class="sc-fznKkj NtPJI"
            >
              2016
            </p>
            <p
              class="sc-fznZeY fLCPSI"
            >
              146
               min
            </p>
          </div>
          <p
            class="sc-fzokOt cBzZUZ"
          >
            Lorem ipsum dolor sit amet, consectetur adipiscing elit. Aliquam accumsan commodo ligula, non gravida arcu imperdiet sed. Donec eu nibh id lectus molestie volutpat non vel sapien. Proin nec imperdiet lectus.
          </p>
        </div>
      </div>
    </section>
  </div>,
  "debug": [Function],
  "findAllByAltText": [Function],
  "findAllByDisplayValue": [Function],
  "findAllByLabelText": [Function],
  "findAllByPlaceholderText": [Function],
  "findAllByRole": [Function],
  "findAllByTestId": [Function],
  "findAllByText": [Function],
  "findAllByTitle": [Function],
  "findByAltText": [Function],
  "findByDisplayValue": [Function],
  "findByLabelText": [Function],
  "findByPlaceholderText": [Function],
  "findByRole": [Function],
  "findByTestId": [Function],
  "findByText": [Function],
  "findByTitle": [Function],
  "getAllByAltText": [Function],
  "getAllByDisplayValue": [Function],
  "getAllByLabelText": [Function],
  "getAllByPlaceholderText": [Function],
  "getAllByRole": [Function],
  "getAllByTestId": [Function],
  "getAllByText": [Function],
  "getAllByTitle": [Function],
  "getByAltText": [Function],
  "getByDisplayValue": [Function],
  "getByLabelText": [Function],
  "getByPlaceholderText": [Function],
  "getByRole": [Function],
  "getByTestId": [Function],
  "getByText": [Function],
  "getByTitle": [Function],
  "queryAllByAltText": [Function],
  "queryAllByDisplayValue": [Function],
  "queryAllByLabelText": [Function],
  "queryAllByPlaceholderText": [Function],
  "queryAllByRole": [Function],
  "queryAllByTestId": [Function],
  "queryAllByText": [Function],
  "queryAllByTitle": [Function],
  "queryByAltText": [Function],
  "queryByDisplayValue": [Function],
  "queryByLabelText": [Function],
  "queryByPlaceholderText": [Function],
  "queryByRole": [Function],
  "queryByTestId": [Function],
  "queryByText": [Function],
  "queryByTitle": [Function],
  "rerender": [Function],
  "unmount": [Function],
}
`;
