// Jest Snapshot v1, https://goo.gl/fbAQLP

exports[`MovieActionButton component Render MovieActionButton snapshot 1`] = `
<DocumentFragment>
  <div
    class="sc-AxjAm fZPbmm"
  />
</DocumentFragment>
`;
