// Jest Snapshot v1, https://goo.gl/fbAQLP

exports[`MoviesList component Render NotFindURL snapshot 1`] = `ShallowWrapper {}`;
